// Jest Snapshot v1, https://goo.gl/fbAQLP

exports[`Login renders correctly 1`] = `
Array [
  <header
    className="MuiPaper-root MuiAppBar-root MuiAppBar-positionStatic MuiAppBar-colorPrimary MuiPaper-elevation4"
  >
    <div
      className="MuiToolbar-root MuiToolbar-regular MuiToolbar-gutters"
    >
      <h6
        className="MuiTypography-root MuiTypography-h6 MuiTypography-colorInherit"
      >
        Shipping Label Marker App
      </h6>
    </div>
  </header>,
  "Loading...",
]
`;

exports[`Signup renders correctly 1`] = `
Array [
  <header
    className="MuiPaper-root MuiAppBar-root MuiAppBar-positionStatic MuiAppBar-colorPrimary MuiPaper-elevation4"
  >
    <div
      className="MuiToolbar-root MuiToolbar-regular MuiToolbar-gutters"
    >
      <h6
        className="MuiTypography-root MuiTypography-h6 MuiTypography-colorInherit"
      >
        Shipping Label Marker App
      </h6>
    </div>
  </header>,
  "Loading...",
]
`;
